Microchip MPLAB XC8 Compiler V2.41

Linker command line:

-W-3 \
  --edf=C:/Program Files/Microchip/MPLABX/v6.10/packs/Microchip/PIC16F1xxxx_DFP/1.18.352/xc8\pic\dat\20230322162823_en.msgs \
  -cn -h+dist/default/production\Requir_1.X.production.sym \
  --cmf=dist/default/production\Requir_1.X.production.cmf -z -Q16F18877 \
  -oC:\Users\Berni\AppData\Local\Temp\xcAseb4.\driver_tmp_3.o \
  --defsym=__MPLAB_BUILD=1 --fixupoverflow=error \
  -Mdist/default/production/Requir_1.X.production.map \
  --md=C:\Users\Berni\AppData\Local\Temp\xcAseb4.\driver_tmp_0.dat -E1 \
  -ver=XC8 Compiler --acfsm=1493 -ACODE=00h-07FFhx16 -ASTRCODE=00h-07FFFh \
  -ASTRING=00h-0FFhx128 -ACONST=00h-0FFhx128 -AENTRY=00h-0FFhx128 \
  -ACOMMON=070h-07Fh -ABANK0=020h-06Fh -ABANK1=0A0h-0EFh \
  -ABANK2=0120h-016Fh -ABANK3=01A0h-01EFh -ABANK4=0220h-026Fh \
  -ABANK5=02A0h-02EFh -ABANK6=0320h-036Fh -ABANK7=03A0h-03EFh \
  -ABANK8=0420h-046Fh -ABANK9=04A0h-04EFh -ABANK10=0520h-056Fh \
  -ABANK11=05A0h-05EFh -ABANK12=0620h-066Fh -ABANK13=06A0h-06EFh \
  -ABANK14=0720h-076Fh -ABANK15=07A0h-07EFh -ABANK16=0820h-086Fh \
  -ABANK17=08A0h-08EFh -ABANK18=0920h-096Fh -ABANK19=09A0h-09EFh \
  -ABANK20=0A20h-0A6Fh -ABANK21=0AA0h-0AEFh -ABANK22=0B20h-0B6Fh \
  -ABANK23=0BA0h-0BEFh -ABANK24=0C20h-0C6Fh -ABANK25=0CA0h-0CEFh \
  -ABANK26=0D20h-0D6Fh -ABANK27=0DA0h-0DEFh -ABANK28=0E20h-0E6Fh \
  -ABANK29=0EA0h-0EEFh -ABANK30=0F20h-0F6Fh -ABANK31=0FA0h-0FEFh \
  -ABANK32=01020h-0106Fh -ABANK33=010A0h-010EFh -ABANK34=01120h-0116Fh \
  -ABANK35=011A0h-011EFh -ABANK36=01220h-0126Fh -ABANK37=012A0h-012EFh \
  -ABANK38=01320h-0136Fh -ABANK39=013A0h-013EFh -ABANK40=01420h-0146Fh \
  -ABANK41=014A0h-014EFh -ABANK42=01520h-0156Fh -ABANK43=015A0h-015EFh \
  -ABANK44=01620h-0166Fh -ABANK45=016A0h-016EFh -ABANK46=01720h-0176Fh \
  -ABANK47=017A0h-017EFh -ABANK48=01820h-0186Fh -ABANK49=018A0h-018EFh \
  -ABANK50=01920h-0196Fh -ABIGRAM=02000h-02FEFh \
  -ARAM=020h-06Fh,0A0h-0EFh,0120h-016Fh,01A0h-01EFh,0220h-026Fh,02A0h-02EFh,0320h-036Fh,03A0h-03EFh,0420h-046Fh,04A0h-04EFh,0520h-056Fh,05A0h-05EFh,0620h-066Fh,06A0h-06EFh,0720h-076Fh,07A0h-07EFh,0820h-086Fh,08A0h-08EFh,0920h-096Fh,09A0h-09EFh,0A20h-0A6Fh,0AA0h-0AEFh,0B20h-0B6Fh,0BA0h-0BEFh,0C20h-0C6Fh,0CA0h-0CEFh,0D20h-0D6Fh,0DA0h-0DEFh,0E20h-0E6Fh,0EA0h-0EEFh,0F20h-0F6Fh,0FA0h-0FEFh,01020h-0106Fh,010A0h-010EFh,01120h-0116Fh,011A0h-011EFh,01220h-0126Fh,012A0h-012EFh,01320h-0136Fh,013A0h-013EFh,01420h-0146Fh,014A0h-014EFh,01520h-0156Fh,015A0h-015EFh,01620h-0166Fh,016A0h-016EFh,01720h-0176Fh,017A0h-017EFh,01820h-0186Fh,018A0h-018EFh,01920h-0196Fh \
  -AABS1=020h-07Fh,0A0h-0EFh,0120h-016Fh,01A0h-01EFh,0220h-026Fh,02A0h-02EFh,0320h-036Fh,03A0h-03EFh,0420h-046Fh,04A0h-04EFh,0520h-056Fh,05A0h-05EFh,0620h-066Fh,06A0h-06EFh,0720h-076Fh,07A0h-07EFh,0820h-086Fh,08A0h-08EFh,0920h-096Fh,09A0h-09EFh,0A20h-0A6Fh,0AA0h-0AEFh,0B20h-0B6Fh,0BA0h-0BEFh,0C20h-0C6Fh,0CA0h-0CEFh,0D20h-0D6Fh,0DA0h-0DEFh,0E20h-0E6Fh,0EA0h-0EEFh,0F20h-0F6Fh,0FA0h-0FEFh,01020h-0106Fh,010A0h-010EFh,01120h-0116Fh,011A0h-011EFh,01220h-0126Fh,012A0h-012EFh,01320h-0136Fh,013A0h-013EFh,01420h-0146Fh,014A0h-014EFh,01520h-0156Fh,015A0h-015EFh,01620h-0166Fh,016A0h-016EFh,01720h-0176Fh,017A0h-017EFh,01820h-0186Fh,018A0h-018EFh,01920h-0196Fh \
  -ASFR0=00h-01Fh -ASFR1=080h-09Fh -ASFR2=0100h-011Fh -ASFR3=0180h-019Fh \
  -ASFR4=0200h-021Fh -ASFR5=0280h-029Fh -ASFR6=0300h-031Fh \
  -ASFR7=0380h-039Fh -ASFR8=0400h-041Fh -ASFR9=0480h-049Fh \
  -ASFR10=0500h-051Fh -ASFR11=0580h-059Fh -ASFR12=0600h-061Fh \
  -ASFR13=0680h-069Fh -ASFR14=0700h-071Fh -ASFR15=0780h-079Fh \
  -ASFR16=0800h-081Fh -ASFR17=0880h-089Fh -ASFR18=0900h-091Fh \
  -ASFR19=0980h-099Fh -ASFR20=0A00h-0A1Fh -ASFR21=0A80h-0A9Fh \
  -ASFR22=0B00h-0B1Fh -ASFR23=0B80h-0B9Fh -ASFR24=0C00h-0C1Fh \
  -ASFR25=0C80h-0C9Fh -ASFR26=0D00h-0D1Fh -ASFR27=0D80h-0D9Fh \
  -ASFR28=0E00h-0E1Fh -ASFR29=0E80h-0E9Fh -ASFR30=0F00h-0F1Fh \
  -ASFR31=0F80h-0F9Fh -ASFR32=01000h-0101Fh -ASFR33=01080h-0109Fh \
  -ASFR34=01100h-0111Fh -ASFR35=01180h-0119Fh -ASFR36=01200h-0121Fh \
  -ASFR37=01280h-0129Fh -ASFR38=01300h-0131Fh -ASFR39=01380h-0139Fh \
  -ASFR40=01400h-0141Fh -ASFR41=01480h-0149Fh -ASFR42=01500h-0151Fh \
  -ASFR43=01580h-0159Fh -ASFR44=01600h-0161Fh -ASFR45=01680h-0169Fh \
  -ASFR46=01700h-0171Fh -ASFR47=01780h-0179Fh -ASFR48=01800h-0181Fh \
  -ASFR49=01880h-0189Fh -ASFR50=01900h-0191Fh -ASFR51=01980h-019EFh \
  -ASFR52=01A00h-01A6Fh -ASFR53=01A80h-01AEFh -ASFR54=01B00h-01B6Fh \
  -ASFR55=01B80h-01BEFh -ASFR56=01C00h-01C6Fh -ASFR57=01C80h-01CEFh \
  -ASFR58=01D00h-01D6Fh -ASFR59=01D80h-01DEFh -ASFR60=01E00h-01E6Fh \
  -ASFR61=01E80h-01EEFh -ASFR62=01F00h-01F6Fh -ASFR63=01F80h-01FEFh \
  -ACONFIG=08007h-0800Bh -DCONFIG=2 -AIDLOC=08000h-08003h -DIDLOC=2 \
  -AEEDATA=00h-0FFh/0F000h -peeprom_data=EEDATA -DEEDATA=2 -DCODE=2 \
  -DSTRCODE=2 -DSTRING=2 -DCONST=2 -DENTRY=2 \
  -preset_vec=00h,intentry,init,end_init -ppowerup=CODE -pcinit=CODE \
  -pfunctab=ENTRY -k \
  C:\Users\Berni\AppData\Local\Temp\xcAseb4.\driver_tmp_15.o \
  dist/default/production\Requir_1.X.production.o 

Object code version is 3.11

Machine type is 16F18877



                Name                               Link     Load   Length Selector   Space Scale
C:\Users\Berni\AppData\Local\Temp\xcAseb4.\driver_tmp_15.o
                end_init                              2        2        2        0       0
                reset_vec                             0        0        2        0       0
                config                             8007     8007        4        0       4
dist/default/production\Requir_1.X.production.o
                cinit                               7D9      7D9       27      FB2       0
                config                             8007     8007        4        0       4
                text20                              40D      40D       3C      81A       0
                text19                              3D8      3D8       35      7B0       0
                text18                              360      360       1F      6C0       0
                text17                              2A9      2A9       13      552       0
                text16                              449      449       42      892       0
                text15                              2F9      2F9       18      5F2       0
                text14                              2BC      2BC       13      578       0
                text13                              311      311       18      622       0
                text12                              5E4      5E4       B4      BC8       0
                text11                              4DF      4DF       5F      9BE       0
                text10                              48B      48B       54      916       0
                text9                               2CF      2CF       13      59E       0
                text8                               53E      53E       A6      A7C       0
                text7                               2A1      2A1        8      542       0
                text6                               286      286        5      50C       0
                text5                               28B      28B        5      516       0
                text4                               2E2      2E2       17      5C4       0
                text3                               290      290        5      520       0
                text2                               37F      37F       26      6FE       0
                text1                               329      329       1A      652       0
                maintext                            698      698      141      D30       0
                cstackBANK0                          20       20       44       20       1
                cstackCOMMON                         70       70        E       70       1
                cstackBANK1                          A0       A0       29       A0       1
                inittext                            295      295        6      52A       0
                dataBANK2                           120      120       33      120       1
                dataBANK1                            C9       C9       1D       A0       1
                dataBANK0                            64       64        6       20       1
                idataBANK2                          3A5      3A5       33      74A       0
                idataBANK1                          343      343       1D      686       0
                idataBANK0                          29B      29B        6      536       0

TOTAL           Name                               Link     Load   Length     Space
        CLASS   CODE           
                end_init                              2        2        2         0
                cinit                               7D9      7D9       27         0
                reset_vec                             0        0        2         0
                text20                              40D      40D       3C         0
                text19                              3D8      3D8       35         0
                text18                              360      360       1F         0
                text17                              2A9      2A9       13         0
                text16                              449      449       42         0
                text15                              2F9      2F9       18         0
                text14                              2BC      2BC       13         0
                text13                              311      311       18         0
                text12                              5E4      5E4       B4         0
                text11                              4DF      4DF       5F         0
                text10                              48B      48B       54         0
                text9                               2CF      2CF       13         0
                text8                               53E      53E       A6         0
                text7                               2A1      2A1        8         0
                text6                               286      286        5         0
                text5                               28B      28B        5         0
                text4                               2E2      2E2       17         0
                text3                               290      290        5         0
                text2                               37F      37F       26         0
                text1                               329      329       1A         0
                maintext                            698      698      141         0
                inittext                            295      295        6         0
                idataBANK2                          3A5      3A5       33         0
                idataBANK1                          343      343       1D         0
                idataBANK0                          29B      29B        6         0

        CLASS   STRCODE        

        CLASS   STRING         

        CLASS   CONST          

        CLASS   ENTRY          

        CLASS   COMMON         
                cstackCOMMON                         70       70        E         1

        CLASS   BANK0          
                cstackBANK0                          20       20       44         1
                dataBANK0                            64       64        6         1

        CLASS   BANK1          
                cstackBANK1                          A0       A0       29         1
                dataBANK1                            C9       C9       1D         1

        CLASS   BANK2          
                dataBANK2                           120      120       33         1

        CLASS   BANK3          

        CLASS   BANK4          

        CLASS   BANK5          

        CLASS   BANK6          

        CLASS   BANK7          

        CLASS   BANK8          

        CLASS   BANK9          

        CLASS   BANK10         

        CLASS   BANK11         

        CLASS   BANK12         

        CLASS   BANK13         

        CLASS   BANK14         

        CLASS   BANK15         

        CLASS   BANK16         

        CLASS   BANK17         

        CLASS   BANK18         

        CLASS   BANK19         

        CLASS   BANK20         

        CLASS   BANK21         

        CLASS   BANK22         

        CLASS   BANK23         

        CLASS   BANK24         

        CLASS   BANK25         

        CLASS   BANK26         

        CLASS   BANK27         

        CLASS   BANK28         

        CLASS   BANK29         

        CLASS   BANK30         

        CLASS   BANK31         

        CLASS   BANK32         

        CLASS   BANK33         

        CLASS   BANK34         

        CLASS   BANK35         

        CLASS   BANK36         

        CLASS   BANK37         

        CLASS   BANK38         

        CLASS   BANK39         

        CLASS   BANK40         

        CLASS   BANK41         

        CLASS   BANK42         

        CLASS   BANK43         

        CLASS   BANK44         

        CLASS   BANK45         

        CLASS   BANK46         

        CLASS   BANK47         

        CLASS   BANK48         

        CLASS   BANK49         

        CLASS   BANK50         

        CLASS   BIGRAM         

        CLASS   RAM            

        CLASS   ABS1           
                abs_s1                               7E       7E        2         1

        CLASS   SFR0           

        CLASS   SFR1           

        CLASS   SFR2           

        CLASS   SFR3           

        CLASS   SFR4           

        CLASS   SFR5           

        CLASS   SFR6           

        CLASS   SFR7           

        CLASS   SFR8           

        CLASS   SFR9           

        CLASS   SFR10          

        CLASS   SFR11          

        CLASS   SFR12          

        CLASS   SFR13          

        CLASS   SFR14          

        CLASS   SFR15          

        CLASS   SFR16          

        CLASS   SFR17          

        CLASS   SFR18          

        CLASS   SFR19          

        CLASS   SFR20          

        CLASS   SFR21          

        CLASS   SFR22          

        CLASS   SFR23          

        CLASS   SFR24          

        CLASS   SFR25          

        CLASS   SFR26          

        CLASS   SFR27          

        CLASS   SFR28          

        CLASS   SFR29          

        CLASS   SFR30          

        CLASS   SFR31          

        CLASS   SFR32          

        CLASS   SFR33          

        CLASS   SFR34          

        CLASS   SFR35          

        CLASS   SFR36          

        CLASS   SFR37          

        CLASS   SFR38          

        CLASS   SFR39          

        CLASS   SFR40          

        CLASS   SFR41          

        CLASS   SFR42          

        CLASS   SFR43          

        CLASS   SFR44          

        CLASS   SFR45          

        CLASS   SFR46          

        CLASS   SFR47          

        CLASS   SFR48          

        CLASS   SFR49          

        CLASS   SFR50          

        CLASS   SFR51          

        CLASS   SFR52          

        CLASS   SFR53          

        CLASS   SFR54          

        CLASS   SFR55          

        CLASS   SFR56          

        CLASS   SFR57          

        CLASS   SFR58          

        CLASS   SFR59          

        CLASS   SFR60          

        CLASS   SFR61          

        CLASS   SFR62          

        CLASS   SFR63          

        CLASS   CONFIG         
                config                             8007     8007        4         4

        CLASS   IDLOC          

        CLASS   EEDATA         

        CLASS   BANK63         

        CLASS   BANK62         

        CLASS   BANK61         

        CLASS   BANK60         

        CLASS   BANK59         

        CLASS   BANK58         

        CLASS   BANK57         

        CLASS   BANK56         

        CLASS   BANK55         

        CLASS   BANK54         

        CLASS   BANK53         

        CLASS   BANK52         

        CLASS   BANK51         

        CLASS   HEAP           

        CLASS   STACK          



SEGMENTS        Name                           Load    Length   Top    Selector   Space  Class     Delta

                reset_vec                      000000  000004  000004         0       0  CODE        2
                cstackBANK0                    000020  00004A  00006A        20       1  BANK0       1
                cstackCOMMON                   000070  00000E  00007E        70       1  COMMON      1
                cstackBANK1                    0000A0  000046  0000E6        A0       1  BANK1       1
                dataBANK2                      000120  000033  000153       120       1  BANK2       1
                text6                          000286  000005  00028B       50C       0  CODE        2
                text5                          00028B  000005  000290       516       0  CODE        2
                text3                          000290  000005  000295       520       0  CODE        2
                inittext                       000295  000006  00029B       52A       0  CODE        2
                idataBANK0                     00029B  000006  0002A1       536       0  CODE        2
                text7                          0002A1  000008  0002A9       542       0  CODE        2
                text17                         0002A9  000013  0002BC       552       0  CODE        2
                text14                         0002BC  000013  0002CF       578       0  CODE        2
                text9                          0002CF  000013  0002E2       59E       0  CODE        2
                text4                          0002E2  000017  0002F9       5C4       0  CODE        2
                text15                         0002F9  000018  000311       5F2       0  CODE        2
                text13                         000311  000018  000329       622       0  CODE        2
                text1                          000329  00001A  000343       652       0  CODE        2
                idataBANK1                     000343  00001D  000360       686       0  CODE        2
                text18                         000360  00001F  00037F       6C0       0  CODE        2
                text2                          00037F  000026  0003A5       6FE       0  CODE        2
                idataBANK2                     0003A5  000033  0003D8       74A       0  CODE        2
                text19                         0003D8  000035  00040D       7B0       0  CODE        2
                text20                         00040D  00003C  000449       81A       0  CODE        2
                text16                         000449  000042  00048B       892       0  CODE        2
                text10                         00048B  000054  0004DF       916       0  CODE        2
                text11                         0004DF  00005F  00053E       9BE       0  CODE        2
                text8                          00053E  0000A6  0005E4       A7C       0  CODE        2
                text12                         0005E4  0000B4  000698       BC8       0  CODE        2
                maintext                       000698  000141  0007D9       D30       0  CODE        2
                cinit                          0007D9  000027  000800       FB2       0  CODE        2


UNUSED ADDRESS RANGES

        Name                Unused          Largest block    Delta
        BANK0            0006A-0006F               6           1
        BANK1            000E6-000EF               A           1
        BANK10           00520-0056F              50           1
        BANK11           005A0-005EF              50           1
        BANK12           00620-0066F              50           1
        BANK13           006A0-006EF              50           1
        BANK14           00720-0076F              50           1
        BANK15           007A0-007EF              50           1
        BANK16           00820-0086F              50           1
        BANK17           008A0-008EF              50           1
        BANK18           00920-0096F              50           1
        BANK19           009A0-009EF              50           1
        BANK2            00153-0016F              1D           1
        BANK20           00A20-00A6F              50           1
        BANK21           00AA0-00AEF              50           1
        BANK22           00B20-00B6F              50           1
        BANK23           00BA0-00BEF              50           1
        BANK24           00C20-00C6F              50           1
        BANK25           00CA0-00CEF              50           1
        BANK26           00D20-00D6F              50           1
        BANK27           00DA0-00DEF              50           1
        BANK28           00E20-00E6F              50           1
        BANK29           00EA0-00EEF              50           1
        BANK3            001A0-001EF              50           1
        BANK30           00F20-00F6F              50           1
        BANK31           00FA0-00FEF              50           1
        BANK32           01020-0106F              50           1
        BANK33           010A0-010EF              50           1
        BANK34           01120-0116F              50           1
        BANK35           011A0-011EF              50           1
        BANK36           01220-0126F              50           1
        BANK37           012A0-012EF              50           1
        BANK38           01320-0136F              50           1
        BANK39           013A0-013EF              50           1
        BANK4            00220-0026F              50           1
        BANK40           01420-0146F              50           1
        BANK41           014A0-014EF              50           1
        BANK42           01520-0156F              50           1
        BANK43           015A0-015EF              50           1
        BANK44           01620-0166F              50           1
        BANK45           016A0-016EF              50           1
        BANK46           01720-0176F              50           1
        BANK47           017A0-017EF              50           1
        BANK48           01820-0186F              50           1
        BANK49           018A0-018EF              50           1
        BANK5            002A0-002EF              50           1
        BANK50           01920-0196F              50           1
        BANK6            00320-0036F              50           1
        BANK7            003A0-003EF              50           1
        BANK8            00420-0046F              50           1
        BANK9            004A0-004EF              50           1
        BIGRAM           02000-02FEF             FF0           1
        CODE             00004-00285             282           2
                         00800-07FFF             800
        CONFIG           0800B-0800B               1           2
        CONST            00004-00285             100           2
                         00800-07FFF             100
        EEDATA           0F000-0F0FF             100           2
        ENTRY            00004-00285             100           2
                         00800-07FFF             100
        IDLOC            08000-08003               4           2
        RAM              0006A-0006F               6           1
                         000E6-000EF               A
                         00153-0016F              1D
                         001A0-001EF              50
                         00220-0026F              50
                         002A0-002EF              50
                         00320-0036F              50
                         003A0-003EF              50
                         00420-0046F              50
                         004A0-004EF              50
                         00520-0056F              50
                         005A0-005EF              50
                         00620-0066F              50
                         006A0-006EF              50
                         00720-0076F              50
                         007A0-007EF              50
                         00820-0086F              50
                         008A0-008EF              50
                         00920-0096F              50
                         009A0-009EF              50
                         00A20-00A6F              50
                         00AA0-00AEF              50
                         00B20-00B6F              50
                         00BA0-00BEF              50
                         00C20-00C6F              50
                         00CA0-00CEF              50
                         00D20-00D6F              50
                         00DA0-00DEF              50
                         00E20-00E6F              50
                         00EA0-00EEF              50
                         00F20-00F6F              50
                         00FA0-00FEF              50
                         01020-0106F              50
                         010A0-010EF              50
                         01120-0116F              50
                         011A0-011EF              50
                         01220-0126F              50
                         012A0-012EF              50
                         01320-0136F              50
                         013A0-013EF              50
                         01420-0146F              50
                         014A0-014EF              50
                         01520-0156F              50
                         015A0-015EF              50
                         01620-0166F              50
                         016A0-016EF              50
                         01720-0176F              50
                         017A0-017EF              50
                         01820-0186F              50
                         018A0-018EF              50
                         01920-0196F              50
        SFR0             00000-0001F              20           1
        SFR1             00080-0009F              20           1
        SFR10            00500-0051F              20           1
        SFR11            00580-0059F              20           1
        SFR12            00600-0061F              20           1
        SFR13            00680-0069F              20           1
        SFR14            00700-0071F              20           1
        SFR15            00780-0079F              20           1
        SFR16            00800-0081F              20           1
        SFR17            00880-0089F              20           1
        SFR18            00900-0091F              20           1
        SFR19            00980-0099F              20           1
        SFR2             00100-0011F              20           1
        SFR20            00A00-00A1F              20           1
        SFR21            00A80-00A9F              20           1
        SFR22            00B00-00B1F              20           1
        SFR23            00B80-00B9F              20           1
        SFR24            00C00-00C1F              20           1
        SFR25            00C80-00C9F              20           1
        SFR26            00D00-00D1F              20           1
        SFR27            00D80-00D9F              20           1
        SFR28            00E00-00E1F              20           1
        SFR29            00E80-00E9F              20           1
        SFR3             00180-0019F              20           1
        SFR30            00F00-00F1F              20           1
        SFR31            00F80-00F9F              20           1
        SFR32            01000-0101F              20           1
        SFR33            01080-0109F              20           1
        SFR34            01100-0111F              20           1
        SFR35            01180-0119F              20           1
        SFR36            01200-0121F              20           1
        SFR37            01280-0129F              20           1
        SFR38            01300-0131F              20           1
        SFR39            01380-0139F              20           1
        SFR4             00200-0021F              20           1
        SFR40            01400-0141F              20           1
        SFR41            01480-0149F              20           1
        SFR42            01500-0151F              20           1
        SFR43            01580-0159F              20           1
        SFR44            01600-0161F              20           1
        SFR45            01680-0169F              20           1
        SFR46            01700-0171F              20           1
        SFR47            01780-0179F              20           1
        SFR48            01800-0181F              20           1
        SFR49            01880-0189F              20           1
        SFR5             00280-0029F              20           1
        SFR50            01900-0191F              20           1
        SFR51            01980-019EF              70           1
        SFR52            01A00-01A6F              70           1
        SFR53            01A80-01AEF              70           1
        SFR54            01B00-01B6F              70           1
        SFR55            01B80-01BEF              70           1
        SFR56            01C00-01C6F              70           1
        SFR57            01C80-01CEF              70           1
        SFR58            01D00-01D6F              70           1
        SFR59            01D80-01DEF              70           1
        SFR6             00300-0031F              20           1
        SFR60            01E00-01E6F              70           1
        SFR61            01E80-01EEF              70           1
        SFR62            01F00-01F6F              70           1
        SFR63            01F80-01FEF              70           1
        SFR7             00380-0039F              20           1
        SFR8             00400-0041F              20           1
        SFR9             00480-0049F              20           1
        STRCODE          00004-00285             282           2
                         00800-07FFF            7800
        STRING           00004-00285             100           2
                         00800-07FFF             100

                                  Symbol Table

?___awdiv                          cstackCOMMON 00070
?___awmod                          cstackCOMMON 00079
?___lwdiv                          cstackCOMMON 00076
?___lwmod                          cstackBANK0  00020
?___wmul                           cstackCOMMON 00070
?_adc_GetTConversion               cstackCOMMON 00070
?_adc_GetWConversion               cstackCOMMON 00070
_ADACQ                             (abs)        0009D
_ADCLK                             (abs)        00098
_ADCON0                            (abs)        00093
_ADCON0bits                        (abs)        00093
_ADPCH                             (abs)        0009E
_ADREF                             (abs)        0009A
_ADRESH                            (abs)        0008D
_ADRESL                            (abs)        0008C
_ANSELA                            (abs)        01F38
_ANSELB                            (abs)        01F43
_ANSELC                            (abs)        01F4E
_ANSELD                            (abs)        01F59
_ANSELE                            (abs)        01F64
_PORTA                             (abs)        0000C
_PORTBbits                         (abs)        0000D
_PORTDbits                         (abs)        0000F
_PORTEbits                         (abs)        00010
_TRISA                             (abs)        00011
_TRISB                             (abs)        00012
_TRISC                             (abs)        00013
_TRISD                             (abs)        00014
_TRISE                             (abs)        00015
__H__absolute__                    __absolute__ 00000
__Habs1                            abs1         00000
__Hbank0                           bank0        00000
__Hbank1                           bank1        00000
__Hbank10                          bank10       00000
__Hbank11                          bank11       00000
__Hbank12                          bank12       00000
__Hbank13                          bank13       00000
__Hbank14                          bank14       00000
__Hbank15                          bank15       00000
__Hbank16                          bank16       00000
__Hbank17                          bank17       00000
__Hbank18                          bank18       00000
__Hbank19                          bank19       00000
__Hbank2                           bank2        00000
__Hbank20                          bank20       00000
__Hbank21                          bank21       00000
__Hbank22                          bank22       00000
__Hbank23                          bank23       00000
__Hbank24                          bank24       00000
__Hbank25                          bank25       00000
__Hbank26                          bank26       00000
__Hbank27                          bank27       00000
__Hbank28                          bank28       00000
__Hbank29                          bank29       00000
__Hbank3                           bank3        00000
__Hbank30                          bank30       00000
__Hbank31                          bank31       00000
__Hbank32                          bank32       00000
__Hbank33                          bank33       00000
__Hbank34                          bank34       00000
__Hbank35                          bank35       00000
__Hbank36                          bank36       00000
__Hbank37                          bank37       00000
__Hbank38                          bank38       00000
__Hbank39                          bank39       00000
__Hbank4                           bank4        00000
__Hbank40                          bank40       00000
__Hbank41                          bank41       00000
__Hbank42                          bank42       00000
__Hbank43                          bank43       00000
__Hbank44                          bank44       00000
__Hbank45                          bank45       00000
__Hbank46                          bank46       00000
__Hbank47                          bank47       00000
__Hbank48                          bank48       00000
__Hbank49                          bank49       00000
__Hbank5                           bank5        00000
__Hbank50                          bank50       00000
__Hbank51                          bank51       00000
__Hbank52                          bank52       00000
__Hbank53                          bank53       00000
__Hbank54                          bank54       00000
__Hbank55                          bank55       00000
__Hbank56                          bank56       00000
__Hbank57                          bank57       00000
__Hbank58                          bank58       00000
__Hbank59                          bank59       00000
__Hbank6                           bank6        00000
__Hbank60                          bank60       00000
__Hbank61                          bank61       00000
__Hbank62                          bank62       00000
__Hbank63                          bank63       00000
__Hbank7                           bank7        00000
__Hbank8                           bank8        00000
__Hbank9                           bank9        00000
__Hbigram                          bigram       00000
__Hcinit                           cinit        00800
__Hclrtext                         clrtext      00000
__Hcode                            code         00000
__Hcommon                          common       00000
__Hconfig                          config       0800B
__HcstackBANK0                     cstackBANK0  00000
__HcstackBANK1                     cstackBANK1  00000
__HcstackCOMMON                    cstackCOMMON 00000
__HdataBANK0                       dataBANK0    00000
__HdataBANK1                       dataBANK1    00000
__HdataBANK2                       dataBANK2    00000
__Heeprom_data                     eeprom_data  00000
__Hend_init                        end_init     00004
__Hfunctab                         functab      00000
__Hheap                            heap         00000
__HidataBANK0                      idataBANK0   00000
__HidataBANK1                      idataBANK1   00000
__HidataBANK2                      idataBANK2   00000
__Hinit                            init         00002
__Hinittext                        inittext     00000
__Hintentry                        intentry     00002
__Hmaintext                        maintext     00000
__Hpowerup                         powerup      00000
__Hram                             ram          00000
__Hreset_vec                       reset_vec    00002
__Hsfr0                            sfr0         00000
__Hsfr1                            sfr1         00000
__Hsfr10                           sfr10        00000
__Hsfr11                           sfr11        00000
__Hsfr12                           sfr12        00000
__Hsfr13                           sfr13        00000
__Hsfr14                           sfr14        00000
__Hsfr15                           sfr15        00000
__Hsfr16                           sfr16        00000
__Hsfr17                           sfr17        00000
__Hsfr18                           sfr18        00000
__Hsfr19                           sfr19        00000
__Hsfr2                            sfr2         00000
__Hsfr20                           sfr20        00000
__Hsfr21                           sfr21        00000
__Hsfr22                           sfr22        00000
__Hsfr23                           sfr23        00000
__Hsfr24                           sfr24        00000
__Hsfr25                           sfr25        00000
__Hsfr26                           sfr26        00000
__Hsfr27                           sfr27        00000
__Hsfr28                           sfr28        00000
__Hsfr29                           sfr29        00000
__Hsfr3                            sfr3         00000
__Hsfr30                           sfr30        00000
__Hsfr31                           sfr31        00000
__Hsfr32                           sfr32        00000
__Hsfr33                           sfr33        00000
__Hsfr34                           sfr34        00000
__Hsfr35                           sfr35        00000
__Hsfr36                           sfr36        00000
__Hsfr37                           sfr37        00000
__Hsfr38                           sfr38        00000
__Hsfr39                           sfr39        00000
__Hsfr4                            sfr4         00000
__Hsfr40                           sfr40        00000
__Hsfr41                           sfr41        00000
__Hsfr42                           sfr42        00000
__Hsfr43                           sfr43        00000
__Hsfr44                           sfr44        00000
__Hsfr45                           sfr45        00000
__Hsfr46                           sfr46        00000
__Hsfr47                           sfr47        00000
__Hsfr48                           sfr48        00000
__Hsfr49                           sfr49        00000
__Hsfr5                            sfr5         00000
__Hsfr50                           sfr50        00000
__Hsfr51                           sfr51        00000
__Hsfr52                           sfr52        00000
__Hsfr53                           sfr53        00000
__Hsfr54                           sfr54        00000
__Hsfr55                           sfr55        00000
__Hsfr56                           sfr56        00000
__Hsfr57                           sfr57        00000
__Hsfr58                           sfr58        00000
__Hsfr59                           sfr59        00000
__Hsfr6                            sfr6         00000
__Hsfr60                           sfr60        00000
__Hsfr61                           sfr61        00000
__Hsfr62                           sfr62        00000
__Hsfr63                           sfr63        00000
__Hsfr7                            sfr7         00000
__Hsfr8                            sfr8         00000
__Hsfr9                            sfr9         00000
__Hspace_0                         (abs)        00800
__Hspace_1                         (abs)        00153
__Hspace_2                         (abs)        00000
__Hspace_3                         (abs)        00000
__Hspace_4                         (abs)        10012
__Hstack                           stack        00000
__Hstrings                         strings      00000
__Htext                            text         00000
__L__absolute__                    __absolute__ 00000
__Labs1                            abs1         00000
__Lbank0                           bank0        00000
__Lbank1                           bank1        00000
__Lbank10                          bank10       00000
__Lbank11                          bank11       00000
__Lbank12                          bank12       00000
__Lbank13                          bank13       00000
__Lbank14                          bank14       00000
__Lbank15                          bank15       00000
__Lbank16                          bank16       00000
__Lbank17                          bank17       00000
__Lbank18                          bank18       00000
__Lbank19                          bank19       00000
__Lbank2                           bank2        00000
__Lbank20                          bank20       00000
__Lbank21                          bank21       00000
__Lbank22                          bank22       00000
__Lbank23                          bank23       00000
__Lbank24                          bank24       00000
__Lbank25                          bank25       00000
__Lbank26                          bank26       00000
__Lbank27                          bank27       00000
__Lbank28                          bank28       00000
__Lbank29                          bank29       00000
__Lbank3                           bank3        00000
__Lbank30                          bank30       00000
__Lbank31                          bank31       00000
__Lbank32                          bank32       00000
__Lbank33                          bank33       00000
__Lbank34                          bank34       00000
__Lbank35                          bank35       00000
__Lbank36                          bank36       00000
__Lbank37                          bank37       00000
__Lbank38                          bank38       00000
__Lbank39                          bank39       00000
__Lbank4                           bank4        00000
__Lbank40                          bank40       00000
__Lbank41                          bank41       00000
__Lbank42                          bank42       00000
__Lbank43                          bank43       00000
__Lbank44                          bank44       00000
__Lbank45                          bank45       00000
__Lbank46                          bank46       00000
__Lbank47                          bank47       00000
__Lbank48                          bank48       00000
__Lbank49                          bank49       00000
__Lbank5                           bank5        00000
__Lbank50                          bank50       00000
__Lbank51                          bank51       00000
__Lbank52                          bank52       00000
__Lbank53                          bank53       00000
__Lbank54                          bank54       00000
__Lbank55                          bank55       00000
__Lbank56                          bank56       00000
__Lbank57                          bank57       00000
__Lbank58                          bank58       00000
__Lbank59                          bank59       00000
__Lbank6                           bank6        00000
__Lbank60                          bank60       00000
__Lbank61                          bank61       00000
__Lbank62                          bank62       00000
__Lbank63                          bank63       00000
__Lbank7                           bank7        00000
__Lbank8                           bank8        00000
__Lbank9                           bank9        00000
__Lbigram                          bigram       00000
__Lcinit                           cinit        007D9
__Lclrtext                         clrtext      00000
__Lcode                            code         00000
__Lcommon                          common       00000
__Lconfig                          config       00000
__LcstackBANK0                     cstackBANK0  00000
__LcstackBANK1                     cstackBANK1  00000
__LcstackCOMMON                    cstackCOMMON 00000
__LdataBANK0                       dataBANK0    00000
__LdataBANK1                       dataBANK1    00000
__LdataBANK2                       dataBANK2    00000
__Leeprom_data                     eeprom_data  00000
__Lend_init                        end_init     00002
__Lfunctab                         functab      00000
__Lheap                            heap         00000
__LidataBANK0                      idataBANK0   00000
__LidataBANK1                      idataBANK1   00000
__LidataBANK2                      idataBANK2   00000
__Linit                            init         00002
__Linittext                        inittext     00000
__Lintentry                        intentry     00002
__Lmaintext                        maintext     00000
__Lpowerup                         powerup      00000
__Lram                             ram          00000
__Lreset_vec                       reset_vec    00000
__Lsfr0                            sfr0         00000
__Lsfr1                            sfr1         00000
__Lsfr10                           sfr10        00000
__Lsfr11                           sfr11        00000
__Lsfr12                           sfr12        00000
__Lsfr13                           sfr13        00000
__Lsfr14                           sfr14        00000
__Lsfr15                           sfr15        00000
__Lsfr16                           sfr16        00000
__Lsfr17                           sfr17        00000
__Lsfr18                           sfr18        00000
__Lsfr19                           sfr19        00000
__Lsfr2                            sfr2         00000
__Lsfr20                           sfr20        00000
__Lsfr21                           sfr21        00000
__Lsfr22                           sfr22        00000
__Lsfr23                           sfr23        00000
__Lsfr24                           sfr24        00000
__Lsfr25                           sfr25        00000
__Lsfr26                           sfr26        00000
__Lsfr27                           sfr27        00000
__Lsfr28                           sfr28        00000
__Lsfr29                           sfr29        00000
__Lsfr3                            sfr3         00000
__Lsfr30                           sfr30        00000
__Lsfr31                           sfr31        00000
__Lsfr32                           sfr32        00000
__Lsfr33                           sfr33        00000
__Lsfr34                           sfr34        00000
__Lsfr35                           sfr35        00000
__Lsfr36                           sfr36        00000
__Lsfr37                           sfr37        00000
__Lsfr38                           sfr38        00000
__Lsfr39                           sfr39        00000
__Lsfr4                            sfr4         00000
__Lsfr40                           sfr40        00000
__Lsfr41                           sfr41        00000
__Lsfr42                           sfr42        00000
__Lsfr43                           sfr43        00000
__Lsfr44                           sfr44        00000
__Lsfr45                           sfr45        00000
__Lsfr46                           sfr46        00000
__Lsfr47                           sfr47        00000
__Lsfr48                           sfr48        00000
__Lsfr49                           sfr49        00000
__Lsfr5                            sfr5         00000
__Lsfr50                           sfr50        00000
__Lsfr51                           sfr51        00000
__Lsfr52                           sfr52        00000
__Lsfr53                           sfr53        00000
__Lsfr54                           sfr54        00000
__Lsfr55                           sfr55        00000
__Lsfr56                           sfr56        00000
__Lsfr57                           sfr57        00000
__Lsfr58                           sfr58        00000
__Lsfr59                           sfr59        00000
__Lsfr6                            sfr6         00000
__Lsfr60                           sfr60        00000
__Lsfr61                           sfr61        00000
__Lsfr62                           sfr62        00000
__Lsfr63                           sfr63        00000
__Lsfr7                            sfr7         00000
__Lsfr8                            sfr8         00000
__Lsfr9                            sfr9         00000
__Lspace_0                         (abs)        00000
__Lspace_1                         (abs)        00000
__Lspace_2                         (abs)        00000
__Lspace_3                         (abs)        00000
__Lspace_4                         (abs)        00000
__Lstack                           stack        00000
__Lstrings                         strings      00000
__Ltext                            text         00000
__S0                               (abs)        00800
__S1                               (abs)        00153
__S3                               (abs)        00000
___awdiv                           text11       004DF
___awdiv@counter                   cstackCOMMON 00075
___awdiv@dividend                  cstackCOMMON 00072
___awdiv@divisor                   cstackCOMMON 00070
___awdiv@quotient                  cstackCOMMON 00077
___awdiv@sign                      cstackCOMMON 00076
___awmod                           text10       0048B
___awmod@counter                   cstackBANK0  00020
___awmod@dividend                  cstackCOMMON 0007B
___awmod@divisor                   cstackCOMMON 00079
___awmod@sign                      cstackBANK0  00021
___heap_hi                         (abs)        00000
___heap_lo                         (abs)        00000
___int_sp                          stack        00000
___latbits                         (abs)        00004
___lwdiv                           text20       0040D
___lwdiv@counter                   cstackCOMMON 0007D
___lwdiv@dividend                  cstackCOMMON 00078
___lwdiv@divisor                   cstackCOMMON 00076
___lwdiv@quotient                  cstackCOMMON 0007B
___lwmod                           text19       003D8
___lwmod@counter                   cstackBANK0  00025
___lwmod@dividend                  cstackBANK0  00022
___lwmod@divisor                   cstackBANK0  00020
___sp                              stack        00000
___stackhi                         (abs)        00000
___stacklo                         (abs)        00000
___wmul                            text18       00360
___wmul@multiplicand               cstackCOMMON 00072
___wmul@multiplier                 cstackCOMMON 00070
___wmul@product                    cstackCOMMON 00074
__end_of___awdiv                   text11       0053E
__end_of___awmod                   text10       004DF
__end_of___lwdiv                   text20       00449
__end_of___lwmod                   text19       0040D
__end_of___wmul                    text18       0037F
__end_of__initialization           cinit        007FD
__end_of_adc_GetTConversion        text17       002BC
__end_of_adc_GetWConversion        text9        002E2
__end_of_dspTaskT_OnLCD            text12       00698
__end_of_dspTaskW_OnLCD            text8        005E4
__end_of_initADC                   text7        002A9
__end_of_initLCD                   text2        003A5
__end_of_initSysPins               text1        00343
__end_of_lcdCtrl_ClearDisplay      text6        0028B
__end_of_lcdCtrl_FunctionSet       text5        00290
__end_of_lcdCtrl_OnOffDisplay      text4        002F9
__end_of_lcdCtrl_SetEntryMode      text3        00295
__end_of_lcdCtrl_SetPos            text14       002CF
__end_of_lcdWriteCtrlWord          text15       00311
__end_of_lcdWriteDspData           text13       00329
__end_of_lcdWriteNibble            text16       0048B
__end_of_main                      maintext     007D9
__initialization                   cinit        007D9
__pcstackBANK0                     cstackBANK0  00020
__pcstackBANK1                     cstackBANK1  000A0
__pcstackCOMMON                    cstackCOMMON 00070
__pdataBANK0                       dataBANK0    00064
__pdataBANK1                       dataBANK1    000C9
__pdataBANK2                       dataBANK2    00120
__pidataBANK0                      idataBANK0   0029B
__pidataBANK1                      idataBANK1   00343
__pidataBANK2                      idataBANK2   003A5
__pmaintext                        maintext     00698
__ptext1                           text1        00329
__ptext10                          text10       0048B
__ptext11                          text11       004DF
__ptext12                          text12       005E4
__ptext13                          text13       00311
__ptext14                          text14       002BC
__ptext15                          text15       002F9
__ptext16                          text16       00449
__ptext17                          text17       002A9
__ptext18                          text18       00360
__ptext19                          text19       003D8
__ptext2                           text2        0037F
__ptext20                          text20       0040D
__ptext3                           text3        00290
__ptext4                           text4        002E2
__ptext5                           text5        0028B
__ptext6                           text6        00286
__ptext7                           text7        002A1
__ptext8                           text8        0053E
__ptext9                           text9        002CF
_adc_GetTConversion                text17       002A9
_adc_GetWConversion                text9        002CF
_dspTaskT_OnLCD                    text12       005E4
_dspTaskW_OnLCD                    text8        0053E
_initADC                           text7        002A1
_initLCD                           text2        0037F
_initSysPins                       text1        00329
_lcdCtrl_ClearDisplay              text6        00286
_lcdCtrl_FunctionSet               text5        0028B
_lcdCtrl_OnOffDisplay              text4        002E2
_lcdCtrl_SetEntryMode              text3        00290
_lcdCtrl_SetPos                    text14       002BC
_lcdWriteCtrlWord                  text15       002F9
_lcdWriteDspData                   text13       00311
_lcdWriteNibble                    text16       00449
_main                              maintext     00698
adc_GetTConversion@result          cstackCOMMON 00072
adc_GetWConversion@result          cstackCOMMON 00072
btemp                              (abs)        0007E
dspTaskT_OnLCD@count               cstackBANK0  0002E
dspTaskT_OnLCD@dig0                cstackBANK0  0002A
dspTaskT_OnLCD@dig1                cstackBANK0  0002B
dspTaskT_OnLCD@dig2                cstackBANK0  0002C
dspTaskT_OnLCD@dig3                cstackBANK0  0002D
dspTaskT_OnLCD@temp                cstackBANK0  00028
dspTaskW_OnLCD@Wlvl                cstackBANK0  00024
dspTaskW_OnLCD@count               cstackBANK0  0002A
dspTaskW_OnLCD@dig0                cstackBANK0  00026
dspTaskW_OnLCD@dig1                cstackBANK0  00027
dspTaskW_OnLCD@dig2                cstackBANK0  00028
dspTaskW_OnLCD@dig3                cstackBANK0  00029
end_of_initialization              cinit        007FD
init_ram                           inittext     00295
intlevel0                          functab      00000
intlevel1                          functab      00000
intlevel2                          functab      00000
intlevel3                          functab      00000
intlevel4                          functab      00000
intlevel5                          functab      00000
lcdCtrl_OnOffDisplay@cursor_state  cstackCOMMON 00077
lcdCtrl_OnOffDisplay@display_state cstackCOMMON 00079
lcdCtrl_OnOffDisplay@pattern       cstackCOMMON 0007A
lcdCtrl_SetPos@col                 cstackCOMMON 00077
lcdCtrl_SetPos@ramAddr             cstackCOMMON 00079
lcdCtrl_SetPos@row                 cstackCOMMON 00078
lcdWriteCtrlWord@lower_nibble      cstackCOMMON 00075
lcdWriteCtrlWord@upper_nibble      cstackCOMMON 00074
lcdWriteCtrlWord@x                 cstackCOMMON 00076
lcdWriteDspData@lower_nibble       cstackCOMMON 00075
lcdWriteDspData@upper_nibble       cstackCOMMON 00074
lcdWriteDspData@x                  cstackCOMMON 00076
lcdWriteNibble@nibble              cstackCOMMON 00072
main@F12165                        dataBANK2    00142
main@F12167                        dataBANK2    00131
main@F12170                        dataBANK0    00064
main@F12172                        dataBANK1    000C9
main@F12175                        dataBANK2    00120
main@F12177                        dataBANK1    000D9
main@i                             cstackBANK1  000C3
main@i_183                         cstackBANK1  000C5
main@i_188                         cstackBANK1  000C7
main@message1                      cstackBANK0  00031
main@message2                      cstackBANK0  00042
main@message3                      cstackBANK1  000BD
main@message4                      cstackBANK1  000A0
main@message5                      cstackBANK0  00053
main@message6                      cstackBANK1  000B0
reset_vec                          reset_vec    00000
start                              init         00002
start_initialization               cinit        007D9
wtemp0                             (abs)        0007E


MODULE INFORMATION

Module		Function		Class		Link	Load	Size
C:\Program Files\Microchip\xc8\v2.41\pic\sources\c99\common\awmod.c
		___awmod       		CODE           	048B	0000	84

C:\Program Files\Microchip\xc8\v2.41\pic\sources\c99\common\awmod.c estimated size: 84

C:\Program Files\Microchip\xc8\v2.41\pic\sources\c99\common\lwdiv.c
		___lwdiv       		CODE           	040D	0000	60

C:\Program Files\Microchip\xc8\v2.41\pic\sources\c99\common\lwdiv.c estimated size: 60

C:\Program Files\Microchip\xc8\v2.41\pic\sources\c99\common\awdiv.c
		___awdiv       		CODE           	04DF	0000	95

C:\Program Files\Microchip\xc8\v2.41\pic\sources\c99\common\awdiv.c estimated size: 95

adc.c
		_adc_GetTConversion		CODE           	02A9	0000	19
		_adc_GetWConversion		CODE           	02CF	0000	19
		_initADC       		CODE           	02A1	0000	8

adc.c estimated size: 46

shared
		__initialization		CODE           	07D9	0000	36

shared estimated size: 36

lcd.c
		_lcdCtrl_OnOffDisplay		CODE           	02E2	0000	23
		_lcdCtrl_FunctionSet		CODE           	028B	0000	5
		_lcdCtrl_ClearDisplay		CODE           	0286	0000	5
		_lcdCtrl_SetPos		CODE           	02BC	0000	19
		_lcdWriteDspData		CODE           	0311	0000	24
		_lcdCtrl_SetEntryMode		CODE           	0290	0000	5
		_lcdWriteCtrlWord		CODE           	02F9	0000	24
		_lcdWriteNibble		CODE           	0449	0000	66
		_initLCD       		CODE           	037F	0000	38

lcd.c estimated size: 209

C:\Program Files\Microchip\xc8\v2.41\pic\sources\c99\common\Umul16.c
		___wmul        		CODE           	0360	0000	31

C:\Program Files\Microchip\xc8\v2.41\pic\sources\c99\common\Umul16.c estimated size: 31

main.c
		_initSysPins   		CODE           	0329	0000	26
		_main          		CODE           	0698	0000	321

main.c estimated size: 347

dspTask.c
		_dspTaskT_OnLCD		CODE           	05E4	0000	180
		_dspTaskW_OnLCD		CODE           	053E	0000	166

dspTask.c estimated size: 346

C:\Program Files\Microchip\xc8\v2.41\pic\sources\c99\common\lwmod.c
		___lwmod       		CODE           	03D8	0000	53

C:\Program Files\Microchip\xc8\v2.41\pic\sources\c99\common\lwmod.c estimated size: 53

